<html>
<body>
<pre>
<h1>µVision Build Log</h1>
<h2>Tool Versions:</h2>
IDE-Version: µVision V5.29.0.0
Copyright (C) 2019 ARM Ltd and ARM Germany GmbH. All rights reserved.
License Information: semih ozkan, asdasd, LIC=----
 
Tool Versions:
Toolchain:       MDK-Lite  Version: 5.29.0.0
Toolchain Path:  D:\Programlar\Keil\ARM\ARMCC\Bin
C Compiler:      Armcc.exe V5.06 update 6 (build 750)
Assembler:       Armasm.exe V5.06 update 6 (build 750)
Linker/Locator:  ArmLink.exe V5.06 update 6 (build 750)
Library Manager: ArmAr.exe V5.06 update 6 (build 750)
Hex Converter:   FromElf.exe V5.06 update 6 (build 750)
CPU DLL:         SARMCM3.DLL V5.29.0.0
Dialog DLL:      DCM.DLL V1.17.3.0
Target DLL:      STLink\ST-LINKIII-KEIL_SWO.dll V3.0.7.0
Dialog DLL:      TCM.DLL V1.36.5.0
 
<h2>Project:</h2>
D:\Workspace\Keilu5\self_freertos\self_freertos.uvprojx
Project File Date:  02/16/2022

<h2>Output:</h2>
*** Using Compiler 'V5.06 update 6 (build 750)', folder: 'D:\Programlar\Keil\ARM\ARMCC\Bin'
Rebuild target 'Target 1'
compiling croutine.c...
compiling list.c...
compiling event_groups.c...
compiling stream_buffer.c...
compiling queue.c...
compiling timers.c...
compiling tasks.c...
compiling heap_4.c...
compiling port.c...
compiling main.c...
compiling delayy.c...
compiling se407_DMA.c...
compiling se407_GPIO.c...
compiling se407_TIM.c...
compiling se407_USART.c...
compiling se407_RNG.c...
compiling se407_SPI.c...
assembling startup_stm32f40_41xxx.s...
compiling init_clock.c...
compiling leds.c...
compiling misc.c...
compiling PCDD8544.c...
compiling stm32f4xx_gpio.c...
compiling stm32f4xx_rcc.c...
compiling system_stm32f4xx.c...
compiling stm32f4xx_syscfg.c...
compiling stm32f4xx_exti.c...
compiling stm32f4xx_dma.c...
compiling stm32f4xx_rng.c...
compiling stm32f4xx_usart.c...
compiling stm32f4xx_spi.c...
compiling stm32f4xx_tim.c...
linking...
Program Size: Code=9328 RO-data=424 RW-data=152 ZI-data=42896  
".\Objects\self_freertos.axf" - 0 Error(s), 0 Warning(s).

<h2>Software Packages used:</h2>

Package Vendor: ARM
                http://www.keil.com/pack/ARM.CMSIS.5.8.0.pack
                ARM.CMSIS.5.8.0
                CMSIS (Common Microcontroller Software Interface Standard)
   * Component: CORE Version: 5.5.0

Package Vendor: Keil
                http://www.keil.com/pack/Keil.STM32F4xx_DFP.1.0.8.pack
                Keil.STM32F4xx_DFP.1.0.8
                STMicroelectronics STM32F4 Series Device Support, Drivers and Examples
   * Component: Startup Version: 1.3.1
   * Component: DMA Version: 1.3.0
   * Component: EXTI Version: 1.3.0
   * Component: Framework Version: 1.3.1
   * Component: GPIO Version: 1.3.0
   * Component: RCC Version: 1.3.0
   * Component: RNG Version: 1.3.0
   * Component: SPI Version: 1.3.0
   * Component: SYSCFG Version: 1.3.0
   * Component: TIM Version: 1.3.0
   * Component: USART Version: 1.3.0

<h2>Collection of Component include folders:</h2>
  .\RTE\Device\STM32F407VG
  .\RTE\_Target_1
  C:\Users\semih\AppData\Local\Arm\Packs\ARM\CMSIS\5.8.0\CMSIS\Core\Include
  C:\Users\semih\AppData\Local\Arm\Packs\Keil\STM32F4xx_DFP\1.0.8\Device\Include
  C:\Users\semih\AppData\Local\Arm\Packs\Keil\STM32F4xx_DFP\1.0.8\Device\StdPeriph_Driver\inc

<h2>Collection of Component Files used:</h2>

   * Component: ARM::CMSIS:CORE:5.5.0

   * Component: Keil::Device:Startup:1.3.1
      Source file:   Device\Source\ARM\STM32F4xx_OTP.s
      Include file:  Device\Include\stm32f4xx.h
      Source file:   Device\Source\system_stm32f4xx.c
      Source file:   Device\Source\ARM\startup_stm32f40_41xxx.s
      Include file:  RTE_Driver\Config\RTE_Device.h
      Source file:   Device\Source\ARM\STM32F40xxx_41xxx_OPT.s

   * Component: Keil::Device:StdPeriph Drivers:DMA:1.3.0
      Include file:  Device\StdPeriph_Driver\inc\stm32f4xx_dma.h
      Source file:   Device\StdPeriph_Driver\src\stm32f4xx_dma.c

   * Component: Keil::Device:StdPeriph Drivers:EXTI:1.3.0
      Include file:  Device\StdPeriph_Driver\inc\stm32f4xx_exti.h
      Source file:   Device\StdPeriph_Driver\src\stm32f4xx_exti.c

   * Component: Keil::Device:StdPeriph Drivers:Framework:1.3.1
      Include file:  Device\StdPeriph_Driver\templates\stm32f4xx_it.h
      Source file:   Device\StdPeriph_Driver\templates\stm32f4xx_it.c
      Source file:   Device\StdPeriph_Driver\templates\stm32f4xx_conf.h
      Source file:   Device\StdPeriph_Driver\src\misc.c

   * Component: Keil::Device:StdPeriph Drivers:GPIO:1.3.0
      Source file:   Device\StdPeriph_Driver\src\stm32f4xx_gpio.c
      Include file:  Device\StdPeriph_Driver\inc\stm32f4xx_gpio.h

   * Component: Keil::Device:StdPeriph Drivers:RCC:1.3.0
      Source file:   Device\StdPeriph_Driver\src\stm32f4xx_rcc.c
      Include file:  Device\StdPeriph_Driver\inc\stm32f4xx_rcc.h

   * Component: Keil::Device:StdPeriph Drivers:RNG:1.3.0
      Source file:   Device\StdPeriph_Driver\src\stm32f4xx_rng.c
      Include file:  Device\StdPeriph_Driver\inc\stm32f4xx_rng.h

   * Component: Keil::Device:StdPeriph Drivers:SPI:1.3.0
      Source file:   Device\StdPeriph_Driver\src\stm32f4xx_spi.c
      Include file:  Device\StdPeriph_Driver\inc\stm32f4xx_spi.h

   * Component: Keil::Device:StdPeriph Drivers:SYSCFG:1.3.0
      Include file:  Device\StdPeriph_Driver\inc\stm32f4xx_syscfg.h
      Source file:   Device\StdPeriph_Driver\src\stm32f4xx_syscfg.c

   * Component: Keil::Device:StdPeriph Drivers:TIM:1.3.0
      Source file:   Device\StdPeriph_Driver\src\stm32f4xx_tim.c
      Include file:  Device\StdPeriph_Driver\inc\stm32f4xx_tim.h

   * Component: Keil::Device:StdPeriph Drivers:USART:1.3.0
      Include file:  Device\StdPeriph_Driver\inc\stm32f4xx_usart.h
      Source file:   Device\StdPeriph_Driver\src\stm32f4xx_usart.c
Build Time Elapsed:  00:00:04
</pre>
</body>
</html>
